# time 'A' 'B' 'C'
 0.000000E+00 1.000000E+04 0.000000E+00 10000
 9.800000E-01 1.100000E+03 3.592000E+03 9992
 1.000000E+01 0.000000E+00 3.048900E+04 9889
