# time 'A' 'B' 'C'
 0.000000E+00 1.000000E+04 0.000000E+00 10000
 9.800000E-01 7.000000E+02 4.190000E+03 9990
 1.000000E+01 0.000000E+00 3.470300E+04 9903
