# time 'A' 'B' 'C'
 0.000000E+00 1.000000E+04 0.000000E+00 10000
 9.800000E-01 9.000000E+02 4.193000E+03 9993
 1.000000E+01 0.000000E+00 3.649600E+04 9896
